// Jest Snapshot v1, https://goo.gl/fbAQLP

exports[`AuthSerializer : Login should return object and token 1`] = `
{
  "data": {
    "attributes": {
      "token": "TOKEN",
    },
    "id": 0,
    "type": "Token",
  },
  "links": {
    "self": "http://localhost:5000/api/login",
  },
}
`;

exports[`AuthSerializer : Registration should return object with data about user 1`] = `
{
  "data": {
    "attributes": {
      "ava": null,
      "email": "111@11.1",
      "fullName": undefined,
      "lastName": "bbbb",
      "login": "Artem",
      "status": "1",
    },
    "id": 1,
    "type": "User",
  },
  "links": {
    "self": "http://localhost:5000/api/registration",
  },
}
`;
