// Jest Snapshot v1, https://goo.gl/fbAQLP

exports[`ProfileSerializer : getInfoAuthorizedUser : should return info about user 1`] = `
{
  "data": {
    "attributes": {
      "ava": null,
      "email": "111@11.1",
      "firstName": "aaaa",
      "lastName": "bbbb",
      "login": "Artem",
      "status": "1",
      "userId": 1,
    },
    "id": "1",
    "links": {
      "self": "http://localhost:5000/api/user/1",
    },
    "type": "User",
  },
}
`;

exports[`ProfileSerializer : getStatus : should return status 1`] = `
{
  "data": {
    "attributes": {
      "ava": null,
      "email": "111@11.1",
      "firstName": "aaaa",
      "lastName": "bbbb",
      "login": "Artem",
      "status": "1",
      "userId": 1,
    },
    "id": "1",
    "links": {
      "self": "http://localhost:5000/api/user/1",
    },
    "type": "User",
  },
}
`;

exports[`ProfileSerializer : updateStatus : should return new status 1`] = `
{
  "data": {
    "attributes": {
      "ava": null,
      "email": "111@11.1",
      "firstName": "aaaa",
      "lastName": "bbbb",
      "login": "Artem",
      "status": "1",
      "userId": 1,
    },
    "id": "1",
    "links": {
      "self": "http://localhost:5000/api/user/1",
    },
    "type": "User",
  },
}
`;
